[venmo.com/account/sign-in.html]
[backblue.gif]
[fade.gif]
[index.html]
[venmo.com/build/stylesheets/auth.31c8e95826c1232409a0.compiled.css]
[venmo.com/account/password-reset.html]
[venmo.com/build/images/apple-app-store.png]
[venmo.com/build/images/google-play-badge.png]
[connect.facebook.net/en_US/sdk.js]
[www.google-analytics.com/analytics.js]
[cdn.plaid.com/link/v2/stable/link-initialize.js]
[venmo.com/account/sign-in.html]
[d2zah9y47r7bi2.cloudfront.net/releases/current/tracker.js]
[platform.twitter.com/widgets.js]
[venmo.com/build/images/venmo.b2f5a3105330460cf3635892401a86d5.png]
[venmo.com/build/js/auth.31c8e95826c1232409a0.min.js]
[venmo.com/build/images/info-lock.8c7f1dfc2d6215e5330cad1787a021d7.png]
[venmo.com/build/images/fb-icon.b52b07286af9707c5809e077fc147b27.png]
[venmo.com/build/images/fb-icon@2x.dcf239ca943ebb4297228019f54c1714.png]
[venmo.com/build/stylesheets/auth.31c8e95826c1232409a0.compiled.css]
[venmo.com/account/password-reset.html]
[connect.facebook.net/en_US/sdk.js]
[venmo.com/account/sign-in/index.html]
[venmo.com/account/sign-in/index.html]
